Microchip MPLAB XC8 Compiler V1.41 ()

Linker command line:

-W-3 --edf=D:\Program Files (x86)\Microchip\xc8\v1.41\dat\en_msgs.txt -cs \
  -h+dist/default/production\Upwork_FireAlarmSystem.X.production.sym \
  --cmf=dist/default/production\Upwork_FireAlarmSystem.X.production.cmf -z \
  -Q16F676 -oD:\Users\Ahmed\AppData\Local\Temp\s7nc.2 \
  -Mdist/default/production/Upwork_FireAlarmSystem.X.production.map -E1 \
  -ver=XC8 -ASTACK=02Fh-05dh -pstack=STACK -ACODE=00h-03FEh \
  -ASTRCODE=00h-03FEh -ASTRING=00h-0FFhx3,0300h-03FEh \
  -ACONST=00h-0FFhx3,0300h-03FEh -AENTRY=00h-0FFhx3,0300h-03FEh \
  -ABANK0=020h-05Dh -ARAM=020h-05Dh -AABS1=020h-05Fh -ACOMMON=05Eh-05Fh \
  -ASFR0=00h-01Fh -ASFR1=080h-0DDh \
  -preset_vec=00h,intentry=04h,init,end_init -ppowerup=CODE -pcinit=CODE \
  -pfunctab=CODE -ACONFIG=02007h-02007h -pconfig=CONFIG -DCONFIG=2 \
  -AIDLOC=02000h-02003h -pidloc=IDLOC -DIDLOC=2 -AEEDATA=00h-07Fh/02100h \
  -peeprom_data=EEDATA -DEEDATA=2 -posccal=03FFh -DCODE=2 -DSTRCODE=2 \
  -DSTRING=2 -DCONST=2 -DENTRY=2 -k \
  D:\Users\Ahmed\AppData\Local\Temp\s7nc.obj \
  dist/default/production\Upwork_FireAlarmSystem.X.production.obj 

Object code version is 3.11

Machine type is 16F676



                Name                               Link     Load   Length Selector   Space Scale
D:\Users\Ahmed\AppData\Local\Temp\s7nc.obj
                end_init                              F        F        1        8       0
                reset_vec                             0        0        1        0       0
                config                             2007     2007        1     400E       0
dist/default/production\Upwork_FireAlarmSystem.X.production.obj
                cinit                                10       10        4        8       0
                intentry                              4        4        B        8       0
                text1                                BA       BA       1A        8       0
                maintext                             14       14       A6        8       0
                cstackBANK0                          20       20        D       20       1
                bssBANK0                             2D       2D        2       20       1

TOTAL           Name                               Link     Load   Length     Space
        CLASS   STACK          

        CLASS   CODE           
                end_init                              F        F        1         0
                cinit                                10       10        4         0
                intentry                              4        4        B         0
                reset_vec                             0        0        1         0
                text1                                BA       BA       1A         0
                maintext                             14       14       A6         0

        CLASS   STRCODE        

        CLASS   STRING         

        CLASS   CONST          

        CLASS   ENTRY          

        CLASS   BANK0          
                cstackBANK0                          20       20        D         1
                bssBANK0                             2D       2D        2         1

        CLASS   RAM            

        CLASS   ABS1           
                abs_s1                               5E       5E        2         1

        CLASS   COMMON         

        CLASS   SFR0           

        CLASS   SFR1           

        CLASS   CONFIG         
                config                             2007     2007        1         0

        CLASS   IDLOC          

        CLASS   EEDATA         

        CLASS   BANK1          



SEGMENTS        Name                           Load    Length   Top    Selector   Space  Class     Delta

                reset_vec                      000000  000001  000001         0       0  CODE        2
                intentry                       000004  0000D0  0000D4         8       0  CODE        2
                cstackBANK0                    000020  00000F  00002F        20       1  BANK0       1
                config                         002007  000001  002008      400E       0  CONFIG      2


UNUSED ADDRESS RANGES

        Name                Unused          Largest block    Delta
        BANK0            002F-005D             2F           1
        CODE             0001-0003              3           2
                         00D4-03FE            32B
        CONST            0001-0003              3           2
                         00D4-03FE            100
        EEDATA           2100-217F             80           2
        ENTRY            0001-0003              3           2
                         00D4-03FE            100
        IDLOC            2000-2003              4           2
        RAM              002F-005D             2F           1
        SFR0             0000-001F             20           1
        SFR1             0080-00DD             5E           1
        STACK            002F-005D             2F           1
        STRCODE          0001-0003              3           2
                         00D4-03FE            32B
        STRING           0001-0003              3           2
                         00D4-03FE            100

                                  Symbol Table

_ANSEL                   (abs)       0091
_CMCONbits               (abs)       0019
_INTCONbits              (abs)       000B
_ISR                     text1       00BA
_OPTION_REGbits          (abs)       0081
_PIE1bits                (abs)       008C
_PIR1bits                (abs)       000C
_PORTAbits               (abs)       0005
_PORTC                   (abs)       0007
_PORTCbits               (abs)       0007
_T1CONbits               (abs)       0010
_TMR1                    (abs)       000E
_TRISA                   (abs)       0085
_TRISC                   (abs)       0087
_WPUA                    (abs)       0095
__CFG_BOREN$ON           (abs)       0000
__CFG_CP$OFF             (abs)       0000
__CFG_CPD$OFF            (abs)       0000
__CFG_FOSC$INTRCIO       (abs)       0000
__CFG_MCLRE$OFF          (abs)       0000
__CFG_PWRTE$OFF          (abs)       0000
__CFG_WDTE$ON            (abs)       0000
__Habs1                  abs1        07FE
__Hbank0                 bank0       07FE
__Hbank1                 bank1       07FE
__HbssBANK0              bssBANK0    07FE
__Hcinit                 cinit       0014
__Hclrtext               clrtext     07FE
__Hcode                  code        07FE
__Hcommon                common      07FE
__Hconfig                config      2008
__HcstackBANK0           cstackBANK0 07FE
__Heeprom_data           eeprom_data 0000
__Hend_init              end_init    0010
__Hfunctab               functab     0000
__Hidloc                 idloc       0000
__Hinit                  init        000F
__Hintentry              intentry    000F
__Hmaintext              maintext    07FE
__Hosccal                osccal      03FF
__Hpowerup               powerup     0000
__Hram                   ram         07FE
__Hreset_vec             reset_vec   0001
__Hsfr0                  sfr0        07FE
__Hsfr1                  sfr1        07FE
__Hspace_0               (abs)       2008
__Hspace_1               (abs)       07FE
__Hspace_2               (abs)       0000
__Hspace_3               (abs)       0000
__Hstack                 stack       0000
__Hstrings               strings     07FE
__Htext                  text        07FE
__Labs1                  abs1        07FE
__Lbank0                 bank0       07FE
__Lbank1                 bank1       07FE
__LbssBANK0              bssBANK0    07FE
__Lcinit                 cinit       0010
__Lclrtext               clrtext     07FE
__Lcode                  code        07FE
__Lcommon                common      07FE
__Lconfig                config      2007
__LcstackBANK0           cstackBANK0 07FE
__Leeprom_data           eeprom_data 0000
__Lend_init              end_init    000F
__Lfunctab               functab     0000
__Lidloc                 idloc       0000
__Linit                  init        000F
__Lintentry              intentry    0004
__Lmaintext              maintext    07FE
__Losccal                osccal      03FF
__Lpowerup               powerup     0000
__Lram                   ram         07FE
__Lreset_vec             reset_vec   0000
__Lsfr0                  sfr0        07FE
__Lsfr1                  sfr1        07FE
__Lspace_0               (abs)       0000
__Lspace_1               (abs)       0000
__Lspace_2               (abs)       0000
__Lspace_3               (abs)       0000
__Lstack                 stack       0000
__Lstrings               strings     07FE
__Ltext                  text        07FE
__S0                     (abs)       2008
__S1                     (abs)       002F
__S2                     (abs)       0000
__S3                     (abs)       0000
___int_sp                stack       0000
___latbits               (abs)       0000
___osccal_val            osccal      03FF
___sp                    stack       0000
__end_of_ISR             text1       00D4
__end_of__initialization cinit       0012
__end_of_main            maintext    00BA
__initialization         cinit       0010
__pbssBANK0              bssBANK0    002D
__pcstackBANK0           cstackBANK0 0020
__pintentry              intentry    0004
__pmaintext              maintext    0014
__ptext1                 text1       00BA
__size_of_ISR            (abs)       0000
__size_of_main           (abs)       0000
_main                    maintext    0014
_ui16TickMs              bssBANK0    002D
btemp                    (abs)       005E
end_of_initialization    cinit       0012
interrupt_function       intentry    0004
intlevel0                functab     0000
intlevel1                functab     0000
intlevel2                functab     0000
intlevel3                functab     0000
intlevel4                functab     0000
intlevel5                functab     0000
main@bFirstEntry         cstackBANK0 002A
main@ui16BlinkTimer      cstackBANK0 0028
main@ui16SwitchTimer     cstackBANK0 002B
reset_vec                reset_vec   0000
saved_w                  (abs)       005E
stackhi                  (abs)       0000
stacklo                  (abs)       0000
start                    init        000F
start_initialization     cinit       0010
wtemp0                   (abs)       005E


FUNCTION INFORMATION:

 *************** function _main *****************
 Defined at:
		line 25 in file "main.c"
 Parameters:    Size  Location     Type
		None
 Auto vars:     Size  Location     Type
  ui16SwitchTi    2   11[BANK0 ] unsigned int 
  ui16BlinkTim    2    8[BANK0 ] unsigned int 
  bFirstEntry     1   10[BANK0 ] unsigned char 
 Return value:  Size  Location     Type
                  1    wreg      void 
 Registers used:
		wreg, status,2, status,0
 Tracked objects:
		On entry : 
		On exit  : 
		Unchanged: 
 Data sizes:     COMMON   BANK0
      Params:         0       0
      Locals:         0       5
      Temps:          0       4
      Totals:         0       9
Total ram usage:        9 bytes
 Hardware stack levels required when called:    1
 This function calls:
		Nothing
 This function is called by:
		Startup code after reset
 This function uses a non-reentrant model


 *************** function _ISR *****************
 Defined at:
		line 141 in file "main.c"
 Parameters:    Size  Location     Type
		None
 Auto vars:     Size  Location     Type
		None
 Return value:  Size  Location     Type
                  1    wreg      void 
 Registers used:
		wreg
 Tracked objects:
		On entry : 
		On exit  : 
		Unchanged: 
 Data sizes:     COMMON   BANK0
      Params:         0       0
      Locals:         0       0
      Temps:          0       4
      Totals:         0       4
Total ram usage:        4 bytes
 Hardware stack levels used:    1
 This function calls:
		Nothing
 This function is called by:
		Interrupt level 1
 This function uses a non-reentrant model



MODULE INFORMATION

Module		Function		Class		Link	Load	Size
shared
		__initialization		CODE           	0010	0000	3

shared estimated size: 3

main.c
		_ISR           		CODE           	00BA	0000	27
		_main          		CODE           	0014	0000	167

main.c estimated size: 194

